Flutter crash report.
Please report a bug at https://github.com/flutter/flutter/issues.

## command

flutter run -d chrome --web-port 5000

## exception

DartDevelopmentServiceException: DartDevelopmentServiceException: WebSocketChannelException: WebSocketException: Connection to 'http://127.0.0.1:65367/uim0aS2_9GI=/ws#' was not upgraded to websocket

```
```

## flutter doctor

```
[32m[✓][39m Flutter (Channel stable, 3.41.6, on Microsoft Windows [Version 10.0.26100.4946],
    locale en-GB) [594ms]
    [32m•[39m Flutter version 3.41.6 on channel stable at D:\flutter
    [32m•[39m Upstream repository https://github.com/flutter/flutter.git
    [32m•[39m Framework revision db50e20168 (6 weeks ago), 2026-03-25 16:21:00 -0700
    [32m•[39m Engine revision 425cfb54d0
    [32m•[39m Dart version 3.11.4
    [32m•[39m DevTools version 2.54.2
    [32m•[39m Feature flags: enable-web, enable-linux-desktop, enable-macos-desktop,
      enable-windows-desktop, enable-android, enable-ios, cli-animations,
      enable-native-assets, omit-legacy-version-file, enable-lldb-debugging,
      enable-uiscene-migration

[32m[✓][39m Windows Version (11 Pro 64-bit, 24H2, 2009) [2.7s]

[32m[✓][39m Android toolchain - develop for Android devices (Android SDK version 36.1.0) [33.5s]
    [32m•[39m Android SDK at D:\Android\Sdk
    [32m•[39m Emulator version 36.5.10.0 (build_id 15081367) (CL:N/A)
    [32m•[39m Platform android-36.1, build-tools 36.1.0
    [32m•[39m ANDROID_HOME = D:\Android\Sdk
    [32m•[39m Java binary at: C:\Program Files\Java\jdk-17\bin\java
      This JDK is specified in your Flutter configuration.
      To change the current JDK, run: `flutter config --jdk-dir="path/to/jdk"`.
    [32m•[39m Java version Java(TM) SE Runtime Environment (build 17.0.12+8-LTS-286)
    [32m•[39m All Android licenses accepted.

[32m[✓][39m Chrome - develop for the web [44ms]
    [32m•[39m CHROME_EXECUTABLE =
      C:\Users\Surface\AppData\Local\BraveSoftware\Brave-Browser\Application\brave.exe

[31m[✗][39m Visual Studio - develop Windows apps [42ms]
    [31m✗[39m Visual Studio not installed; this is necessary to develop Windows apps.
      Download at https://visualstudio.microsoft.com/downloads/.
      Please install the "Desktop development with C++" workload, including all of its
      default components

[32m[✓][39m Connected device (3 available) [1,298ms]
    [32m•[39m Windows (desktop) • windows • windows-x64    • Microsoft Windows [Version
      10.0.26100.4946]
    [32m•[39m Chrome (web)      • chrome  • web-javascript • unknown
    [32m•[39m Edge (web)        • edge    • web-javascript • Microsoft Edge 147.0.3912.98

[32m[✓][39m Network resources [1,470ms]
    [32m•[39m All expected network resources are available.

[33m![39m Doctor found issues in 1 category.
```
